  new_main.cpp
C:\Users\user\Documents\GitHub\Fishtank\Bait.h(28,10): warning C4067: непредвиденные лексемы за директивой препроцессора, требуется newline
  (компиляция исходного файла "new_main.cpp")
  
C:\Users\user\Documents\GitHub\Fishtank\Bait.h(29,10): warning C4067: непредвиденные лексемы за директивой препроцессора, требуется newline
  (компиляция исходного файла "new_main.cpp")
  
C:\Users\user\Documents\GitHub\Fishtank\Bait.h(32,10): warning C4067: непредвиденные лексемы за директивой препроцессора, требуется newline
  (компиляция исходного файла "new_main.cpp")
  
C:\Users\user\Documents\GitHub\Fishtank\Bait.h(33,10): warning C4067: непредвиденные лексемы за директивой препроцессора, требуется newline
  (компиляция исходного файла "new_main.cpp")
  
C:\Users\user\Documents\GitHub\Fishtank\base_object.h(73,27): warning C4267: return: преобразование из "size_t" в "unsigned int"; возможна потеря данных
  (компиляция исходного файла "new_main.cpp")
  
C:\Users\user\Documents\GitHub\Fishtank\new_main.cpp(12,10): warning C4067: непредвиденные лексемы за директивой препроцессора, требуется newline
C:\Users\user\Documents\GitHub\Fishtank\new_main.cpp(144,44): warning C4244: инициализация: преобразование "float" в "unsigned int", возможна потеря данных
C:\Users\user\Documents\GitHub\Fishtank\new_main.cpp(724,180): warning C4244: аргумент: преобразование "float" в "int", возможна потеря данных
C:\Users\user\Documents\GitHub\Fishtank\new_main.cpp(724,77): warning C4244: =: преобразование "int" в "float", возможна потеря данных
C:\Users\user\Documents\GitHub\Fishtank\new_main.cpp(992,87): warning C4244: аргумент: преобразование "float" в "int", возможна потеря данных
C:\Users\user\Documents\GitHub\Fishtank\new_main.cpp(1064,21): warning C4244: инициализация: преобразование "float" в "int", возможна потеря данных
C:\Users\user\Documents\GitHub\Fishtank\new_main.cpp(1068,59): warning C4267: =: преобразование из "size_t" в "int"; возможна потеря данных
C:\Users\user\Documents\GitHub\Fishtank\new_main.cpp(1278,98): warning C4244: =: преобразование "float" в "unsigned int", возможна потеря данных
C:\Users\user\Documents\GitHub\Fishtank\new_main.cpp(1474,52): warning C4244: =: преобразование "int" в "float", возможна потеря данных
C:\Users\user\Documents\GitHub\Fishtank\new_main.cpp(1475,54): warning C4244: =: преобразование "int" в "float", возможна потеря данных
C:\Users\user\Documents\GitHub\Fishtank\new_main.cpp(1479,77): warning C4244: =: преобразование "float" в "unsigned int", возможна потеря данных
  Создание кода
  1 of 4009 functions (<0.1%) were compiled, the rest were copied from previous compilation.
    0 functions were new in current compilation
    8 functions had inline decision re-evaluated but remain unchanged
  Создание кода завершено
  Fishtank.vcxproj -> C:\Users\user\Documents\GitHub\Fishtank\x64\Release\Fishtank.exe
  "pwsh.exe" не является внутренней или внешней
  командой, исполняемой программой или пакетным файлом.
