c:\users\core\documents\github\fishtank\fishtank\x64\debug\vc143.pdb
c:\users\core\documents\github\fishtank\fishtank\x64\debug\vc143.idb
c:\users\user\documents\github\fishtank\fishtank\x64\debug\vc143.pdb
c:\users\user\documents\github\fishtank\fishtank\x64\debug\vc143.idb
c:\users\user\documents\github\fishtank\fishtank\x64\debug\objects_database.obj
c:\users\user\documents\github\fishtank\fishtank\x64\debug\new_main.obj
c:\users\user\documents\github\fishtank\fishtank\x64\debug\modificator_object.obj
c:\users\user\documents\github\fishtank\fishtank\x64\debug\model_object.obj
c:\users\user\documents\github\fishtank\fishtank\x64\debug\mesh_object.obj
c:\users\user\documents\github\fishtank\fishtank\x64\debug\material_database.obj
c:\users\user\documents\github\fishtank\fishtank\x64\debug\base_object.obj
c:\users\user\source\repos\fishtank\fishtank\x64\debug\raylib.dll
c:\users\user\source\repos\fishtank\fishtank\x64\debug\glfw3.dll
c:\users\core\documents\github\fishtank\x64\debug\boost_filesystem-vc143-mt-gd-x64-1_89.dll
c:\users\core\documents\github\fishtank\x64\debug\raylib.dll
c:\users\core\documents\github\fishtank\x64\debug\glfw3.dll
c:\users\core\documents\github\fishtank\x64\debug\zip.dll
c:\users\core\documents\github\fishtank\x64\debug\bz2d.dll
c:\users\core\documents\github\fishtank\x64\debug\zlibd1.dll
c:\users\user\documents\github\fishtank\x64\debug\raylib.dll
c:\users\user\documents\github\fishtank\x64\debug\glfw3.dll
c:\users\user\documents\github\fishtank\x64\debug\fishtank.exe
c:\users\user\documents\github\fishtank\x64\debug\fishtank.pdb
c:\users\user\documents\github\fishtank\fishtank\x64\debug\fishtank.ilk
c:\users\user\documents\github\fishtank\fishtank\x64\debug\main_tank.obj
c:\users\user\documents\github\fishtank\fishtank\x64\debug\objects.obj
c:\users\user\documents\github\fishtank\fishtank\x64\debug\main_tank.obj.enc
c:\users\user\documents\github\fishtank\fishtank\x64\debug\objects.obj.enc
c:\users\user\documents\github\fishtank\x64\debug\fishtank.ilk
c:\users\user\documents\github\fishtank\fishtank\x64\debug\fishtank.tlog\cl.command.1.tlog
c:\users\user\documents\github\fishtank\fishtank\x64\debug\fishtank.tlog\cl.items.tlog
c:\users\user\documents\github\fishtank\fishtank\x64\debug\fishtank.tlog\cl.read.1.tlog
c:\users\user\documents\github\fishtank\fishtank\x64\debug\fishtank.tlog\cl.write.1.tlog
c:\users\user\documents\github\fishtank\fishtank\x64\debug\fishtank.tlog\fishtank.write.1u.tlog
c:\users\user\documents\github\fishtank\fishtank\x64\debug\fishtank.tlog\link.command.1.tlog
c:\users\user\documents\github\fishtank\fishtank\x64\debug\fishtank.tlog\link.read.1.tlog
c:\users\user\documents\github\fishtank\fishtank\x64\debug\fishtank.tlog\link.secondary.1.tlog
c:\users\user\documents\github\fishtank\fishtank\x64\debug\fishtank.tlog\link.write.1.tlog
