  material_database.cpp
C:\Users\Core\Documents\GitHub\Fishtank\Bait.h(5,10): warning C4067: непредвиденные лексемы за директивой препроцессора, требуется newline
  (компиляция исходного файла "material_database.cpp")
  
C:\Users\Core\Documents\GitHub\Fishtank\Bait.h(6,10): warning C4067: непредвиденные лексемы за директивой препроцессора, требуется newline
  (компиляция исходного файла "material_database.cpp")
  
C:\Users\Core\Documents\GitHub\Fishtank\Bait.h(7,10): warning C4067: непредвиденные лексемы за директивой препроцессора, требуется newline
  (компиляция исходного файла "material_database.cpp")
  
C:\Users\Core\Documents\GitHub\Fishtank\Bait.h(10,10): warning C4067: непредвиденные лексемы за директивой препроцессора, требуется newline
  (компиляция исходного файла "material_database.cpp")
  
C:\Users\Core\vcpkg\installed\x64-windows\include\raygui.h(2654,46): warning C4267: =: преобразование из "size_t" в "int"; возможна потеря данных
  (компиляция исходного файла "material_database.cpp")
  
C:\Users\Core\Documents\GitHub\Fishtank\Bait.h(14,10): warning C4067: непредвиденные лексемы за директивой препроцессора, требуется newline
  (компиляция исходного файла "material_database.cpp")
  
C:\Users\Core\Documents\GitHub\Fishtank\Bait.h(15,10): warning C4067: непредвиденные лексемы за директивой препроцессора, требуется newline
  (компиляция исходного файла "material_database.cpp")
  
C:\Users\Core\Documents\GitHub\Fishtank\Bait.h(17,10): warning C4067: непредвиденные лексемы за директивой препроцессора, требуется newline
  (компиляция исходного файла "material_database.cpp")
  
C:\Users\Core\Documents\GitHub\Fishtank\Bait.h(18,10): warning C4067: непредвиденные лексемы за директивой препроцессора, требуется newline
  (компиляция исходного файла "material_database.cpp")
  
C:\Users\Core\Documents\GitHub\Fishtank\Bait.h(19,10): warning C4067: непредвиденные лексемы за директивой препроцессора, требуется newline
  (компиляция исходного файла "material_database.cpp")
  
C:\Users\Core\Documents\GitHub\Fishtank\Bait.h(20,10): warning C4067: непредвиденные лексемы за директивой препроцессора, требуется newline
  (компиляция исходного файла "material_database.cpp")
  
C:\Users\Core\Documents\GitHub\Fishtank\Bait.h(21,10): warning C4067: непредвиденные лексемы за директивой препроцессора, требуется newline
  (компиляция исходного файла "material_database.cpp")
  
C:\Users\Core\Documents\GitHub\Fishtank\Bait.h(22,10): warning C4067: непредвиденные лексемы за директивой препроцессора, требуется newline
  (компиляция исходного файла "material_database.cpp")
  
C:\Users\Core\Documents\GitHub\Fishtank\material_database.cpp(5,38): warning C4018: <: несоответствие типов со знаком и без знака
  mesh_object.cpp
C:\Users\Core\Documents\GitHub\Fishtank\Bait.h(5,10): warning C4067: непредвиденные лексемы за директивой препроцессора, требуется newline
  (компиляция исходного файла "mesh_object.cpp")
  
C:\Users\Core\Documents\GitHub\Fishtank\Bait.h(6,10): warning C4067: непредвиденные лексемы за директивой препроцессора, требуется newline
  (компиляция исходного файла "mesh_object.cpp")
  
C:\Users\Core\Documents\GitHub\Fishtank\Bait.h(7,10): warning C4067: непредвиденные лексемы за директивой препроцессора, требуется newline
  (компиляция исходного файла "mesh_object.cpp")
  
C:\Users\Core\Documents\GitHub\Fishtank\Bait.h(10,10): warning C4067: непредвиденные лексемы за директивой препроцессора, требуется newline
  (компиляция исходного файла "mesh_object.cpp")
  
C:\Users\Core\vcpkg\installed\x64-windows\include\raygui.h(2654,46): warning C4267: =: преобразование из "size_t" в "int"; возможна потеря данных
  (компиляция исходного файла "mesh_object.cpp")
  
C:\Users\Core\Documents\GitHub\Fishtank\Bait.h(14,10): warning C4067: непредвиденные лексемы за директивой препроцессора, требуется newline
  (компиляция исходного файла "mesh_object.cpp")
  
C:\Users\Core\Documents\GitHub\Fishtank\Bait.h(15,10): warning C4067: непредвиденные лексемы за директивой препроцессора, требуется newline
  (компиляция исходного файла "mesh_object.cpp")
  
C:\Users\Core\Documents\GitHub\Fishtank\Bait.h(17,10): warning C4067: непредвиденные лексемы за директивой препроцессора, требуется newline
  (компиляция исходного файла "mesh_object.cpp")
  
C:\Users\Core\Documents\GitHub\Fishtank\Bait.h(18,10): warning C4067: непредвиденные лексемы за директивой препроцессора, требуется newline
  (компиляция исходного файла "mesh_object.cpp")
  
C:\Users\Core\Documents\GitHub\Fishtank\Bait.h(19,10): warning C4067: непредвиденные лексемы за директивой препроцессора, требуется newline
  (компиляция исходного файла "mesh_object.cpp")
  
C:\Users\Core\Documents\GitHub\Fishtank\Bait.h(20,10): warning C4067: непредвиденные лексемы за директивой препроцессора, требуется newline
  (компиляция исходного файла "mesh_object.cpp")
  
C:\Users\Core\Documents\GitHub\Fishtank\Bait.h(21,10): warning C4067: непредвиденные лексемы за директивой препроцессора, требуется newline
  (компиляция исходного файла "mesh_object.cpp")
  
C:\Users\Core\Documents\GitHub\Fishtank\Bait.h(22,10): warning C4067: непредвиденные лексемы за директивой препроцессора, требуется newline
  (компиляция исходного файла "mesh_object.cpp")
  
  model_object.cpp
C:\Users\Core\Documents\GitHub\Fishtank\Bait.h(5,10): warning C4067: непредвиденные лексемы за директивой препроцессора, требуется newline
  (компиляция исходного файла "model_object.cpp")
  
C:\Users\Core\Documents\GitHub\Fishtank\Bait.h(6,10): warning C4067: непредвиденные лексемы за директивой препроцессора, требуется newline
  (компиляция исходного файла "model_object.cpp")
  
C:\Users\Core\Documents\GitHub\Fishtank\Bait.h(7,10): warning C4067: непредвиденные лексемы за директивой препроцессора, требуется newline
  (компиляция исходного файла "model_object.cpp")
  
C:\Users\Core\Documents\GitHub\Fishtank\Bait.h(10,10): warning C4067: непредвиденные лексемы за директивой препроцессора, требуется newline
  (компиляция исходного файла "model_object.cpp")
  
C:\Users\Core\vcpkg\installed\x64-windows\include\raygui.h(2654,46): warning C4267: =: преобразование из "size_t" в "int"; возможна потеря данных
  (компиляция исходного файла "model_object.cpp")
  
C:\Users\Core\Documents\GitHub\Fishtank\Bait.h(14,10): warning C4067: непредвиденные лексемы за директивой препроцессора, требуется newline
  (компиляция исходного файла "model_object.cpp")
  
C:\Users\Core\Documents\GitHub\Fishtank\Bait.h(15,10): warning C4067: непредвиденные лексемы за директивой препроцессора, требуется newline
  (компиляция исходного файла "model_object.cpp")
  
C:\Users\Core\Documents\GitHub\Fishtank\Bait.h(17,10): warning C4067: непредвиденные лексемы за директивой препроцессора, требуется newline
  (компиляция исходного файла "model_object.cpp")
  
C:\Users\Core\Documents\GitHub\Fishtank\Bait.h(18,10): warning C4067: непредвиденные лексемы за директивой препроцессора, требуется newline
  (компиляция исходного файла "model_object.cpp")
  
C:\Users\Core\Documents\GitHub\Fishtank\Bait.h(19,10): warning C4067: непредвиденные лексемы за директивой препроцессора, требуется newline
  (компиляция исходного файла "model_object.cpp")
  
C:\Users\Core\Documents\GitHub\Fishtank\Bait.h(20,10): warning C4067: непредвиденные лексемы за директивой препроцессора, требуется newline
  (компиляция исходного файла "model_object.cpp")
  
C:\Users\Core\Documents\GitHub\Fishtank\Bait.h(21,10): warning C4067: непредвиденные лексемы за директивой препроцессора, требуется newline
  (компиляция исходного файла "model_object.cpp")
  
C:\Users\Core\Documents\GitHub\Fishtank\Bait.h(22,10): warning C4067: непредвиденные лексемы за директивой препроцессора, требуется newline
  (компиляция исходного файла "model_object.cpp")
  
  new_main.cpp
C:\Users\Core\Documents\GitHub\Fishtank\Bait.h(5,10): warning C4067: непредвиденные лексемы за директивой препроцессора, требуется newline
  (компиляция исходного файла "new_main.cpp")
  
C:\Users\Core\Documents\GitHub\Fishtank\Bait.h(6,10): warning C4067: непредвиденные лексемы за директивой препроцессора, требуется newline
  (компиляция исходного файла "new_main.cpp")
  
C:\Users\Core\Documents\GitHub\Fishtank\Bait.h(7,10): warning C4067: непредвиденные лексемы за директивой препроцессора, требуется newline
  (компиляция исходного файла "new_main.cpp")
  
C:\Users\Core\Documents\GitHub\Fishtank\Bait.h(10,10): warning C4067: непредвиденные лексемы за директивой препроцессора, требуется newline
  (компиляция исходного файла "new_main.cpp")
  
C:\Users\Core\vcpkg\installed\x64-windows\include\raygui.h(2654,46): warning C4267: =: преобразование из "size_t" в "int"; возможна потеря данных
  (компиляция исходного файла "new_main.cpp")
  
C:\Users\Core\Documents\GitHub\Fishtank\Bait.h(14,10): warning C4067: непредвиденные лексемы за директивой препроцессора, требуется newline
  (компиляция исходного файла "new_main.cpp")
  
C:\Users\Core\Documents\GitHub\Fishtank\Bait.h(15,10): warning C4067: непредвиденные лексемы за директивой препроцессора, требуется newline
  (компиляция исходного файла "new_main.cpp")
  
C:\Users\Core\Documents\GitHub\Fishtank\Bait.h(17,10): warning C4067: непредвиденные лексемы за директивой препроцессора, требуется newline
  (компиляция исходного файла "new_main.cpp")
  
C:\Users\Core\Documents\GitHub\Fishtank\Bait.h(18,10): warning C4067: непредвиденные лексемы за директивой препроцессора, требуется newline
  (компиляция исходного файла "new_main.cpp")
  
C:\Users\Core\Documents\GitHub\Fishtank\Bait.h(19,10): warning C4067: непредвиденные лексемы за директивой препроцессора, требуется newline
  (компиляция исходного файла "new_main.cpp")
  
C:\Users\Core\Documents\GitHub\Fishtank\Bait.h(20,10): warning C4067: непредвиденные лексемы за директивой препроцессора, требуется newline
  (компиляция исходного файла "new_main.cpp")
  
C:\Users\Core\Documents\GitHub\Fishtank\Bait.h(21,10): warning C4067: непредвиденные лексемы за директивой препроцессора, требуется newline
  (компиляция исходного файла "new_main.cpp")
  
C:\Users\Core\Documents\GitHub\Fishtank\Bait.h(22,10): warning C4067: непредвиденные лексемы за директивой препроцессора, требуется newline
  (компиляция исходного файла "new_main.cpp")
  
C:\Users\Core\Documents\GitHub\Fishtank\new_main.cpp(10,16): error C2065: standart_screen_width: необъявленный идентификатор
C:\Users\Core\Documents\GitHub\Fishtank\new_main.cpp(10,39): error C2065: standart_screen_height: необъявленный идентификатор
C:\Users\Core\Documents\GitHub\Fishtank\new_main.cpp(10,63): error C2065: window_name: необъявленный идентификатор
C:\Users\Core\Documents\GitHub\Fishtank\new_main.cpp(12,18): error C2065: target_fps: необъявленный идентификатор
C:\Users\Core\Documents\GitHub\Fishtank\new_main.cpp(13,22): error C2065: minimal_resolution_width: необъявленный идентификатор
C:\Users\Core\Documents\GitHub\Fishtank\new_main.cpp(13,48): error C2065: minimal_resolution_height: необъявленный идентификатор
C:\Users\Core\Documents\GitHub\Fishtank\new_main.cpp(14,22): error C2065: maximum_resolution_width: необъявленный идентификатор
C:\Users\Core\Documents\GitHub\Fishtank\new_main.cpp(14,48): error C2065: maximum_resolution_height: необъявленный идентификатор
  objects_database.cpp
C:\Users\Core\Documents\GitHub\Fishtank\Bait.h(5,10): warning C4067: непредвиденные лексемы за директивой препроцессора, требуется newline
  (компиляция исходного файла "objects_database.cpp")
  
C:\Users\Core\Documents\GitHub\Fishtank\Bait.h(6,10): warning C4067: непредвиденные лексемы за директивой препроцессора, требуется newline
  (компиляция исходного файла "objects_database.cpp")
  
C:\Users\Core\Documents\GitHub\Fishtank\Bait.h(7,10): warning C4067: непредвиденные лексемы за директивой препроцессора, требуется newline
  (компиляция исходного файла "objects_database.cpp")
  
C:\Users\Core\Documents\GitHub\Fishtank\Bait.h(10,10): warning C4067: непредвиденные лексемы за директивой препроцессора, требуется newline
  (компиляция исходного файла "objects_database.cpp")
  
C:\Users\Core\vcpkg\installed\x64-windows\include\raygui.h(2654,46): warning C4267: =: преобразование из "size_t" в "int"; возможна потеря данных
  (компиляция исходного файла "objects_database.cpp")
  
C:\Users\Core\Documents\GitHub\Fishtank\Bait.h(14,10): warning C4067: непредвиденные лексемы за директивой препроцессора, требуется newline
  (компиляция исходного файла "objects_database.cpp")
  
C:\Users\Core\Documents\GitHub\Fishtank\Bait.h(15,10): warning C4067: непредвиденные лексемы за директивой препроцессора, требуется newline
  (компиляция исходного файла "objects_database.cpp")
  
C:\Users\Core\Documents\GitHub\Fishtank\Bait.h(17,10): warning C4067: непредвиденные лексемы за директивой препроцессора, требуется newline
  (компиляция исходного файла "objects_database.cpp")
  
C:\Users\Core\Documents\GitHub\Fishtank\Bait.h(18,10): warning C4067: непредвиденные лексемы за директивой препроцессора, требуется newline
  (компиляция исходного файла "objects_database.cpp")
  
C:\Users\Core\Documents\GitHub\Fishtank\Bait.h(19,10): warning C4067: непредвиденные лексемы за директивой препроцессора, требуется newline
  (компиляция исходного файла "objects_database.cpp")
  
C:\Users\Core\Documents\GitHub\Fishtank\Bait.h(20,10): warning C4067: непредвиденные лексемы за директивой препроцессора, требуется newline
  (компиляция исходного файла "objects_database.cpp")
  
C:\Users\Core\Documents\GitHub\Fishtank\Bait.h(21,10): warning C4067: непредвиденные лексемы за директивой препроцессора, требуется newline
  (компиляция исходного файла "objects_database.cpp")
  
C:\Users\Core\Documents\GitHub\Fishtank\Bait.h(22,10): warning C4067: непредвиденные лексемы за директивой препроцессора, требуется newline
  (компиляция исходного файла "objects_database.cpp")
  
C:\Users\Core\Documents\GitHub\Fishtank\objects_database.cpp(24,3): error C2065: iont: необъявленный идентификатор
C:\Users\Core\Documents\GitHub\Fishtank\objects_database.cpp(26,31): error C2062: тип "auto" не требуется
C:\Users\Core\Documents\GitHub\Fishtank\objects_database.cpp(26,31): error C2065: <range>$L2: необъявленный идентификатор
C:\Users\Core\Documents\GitHub\Fishtank\objects_database.cpp(26,31): error C3536: <begin>$L2: не может использоваться до инициализации
C:\Users\Core\Documents\GitHub\Fishtank\objects_database.cpp(26,31): error C3536: <end>$L2: не может использоваться до инициализации
C:\Users\Core\Documents\GitHub\Fishtank\objects_database.cpp(26,42): error C2100: нельзя разыменовать операнд типа "<error type>"
C:\Users\Core\Documents\GitHub\Fishtank\objects_database.cpp(36,2): error C2059: синтаксическая ошибка: else
C:\Users\Core\Documents\GitHub\Fishtank\objects_database.cpp(36,7): error C2143: синтаксическая ошибка: отсутствие ";" перед "{"
C:\Users\Core\Documents\GitHub\Fishtank\objects_database.cpp(36,7): error C2447: {: отсутствует заголовок функции (возможно, используется формальный список старого типа)
C:\Users\Core\Documents\GitHub\Fishtank\objects_database.cpp(41,1): error C2059: синтаксическая ошибка: }
C:\Users\Core\Documents\GitHub\Fishtank\objects_database.cpp(41,1): error C2143: синтаксическая ошибка: отсутствие ";" перед "}"
C:\Users\Core\Documents\GitHub\Fishtank\objects_database.cpp(43,97): error C2143: синтаксическая ошибка: отсутствие ";" перед "{"
C:\Users\Core\Documents\GitHub\Fishtank\objects_database.cpp(43,97): error C2447: {: отсутствует заголовок функции (возможно, используется формальный список старого типа)
  Создание кода...
C:\Users\Core\Documents\GitHub\Fishtank\material_database.cpp(14,1): error C4700: использована неинициализированная локальная переменная "material_paths"
